--
-- basic sanity
--
CREATE EXTENSION percona_telemetry;
SELECT name FROM pg_settings WHERE name LIKE 'percona_telemetry.%';
                 name                  
---------------------------------------
 percona_telemetry.enabled
 percona_telemetry.pg_telemetry_folder
 percona_telemetry.scrape_interval
(3 rows)

SELECT percona_telemetry_version();
 percona_telemetry_version 
---------------------------
 1.0
(1 row)

SELECT regexp_replace(output_file_name, '\d{6,}', '<INSTANCE ID>', 'g') AS output_file_name,
        (last_file_processed IS NOT NULL) AS last_file_processed,
        waiting_on_agent FROM percona_telemetry_status();
                           output_file_name                           | last_file_processed | waiting_on_agent 
----------------------------------------------------------------------+---------------------+------------------
 /usr/local/percona/telemetry/pg/percona_telemetry-<INSTANCE ID>.json | f                   | f
(1 row)

DROP EXTENSION percona_telemetry;
